[2025-08-27T14:36:21.232+0900][0.007s] Using G1
[2025-08-27T14:36:21.300+0900][0.076s] Version: 17.0.16+8 (release)
[2025-08-27T14:36:21.300+0900][0.076s] CPUs: 16 total, 16 available
[2025-08-27T14:36:21.300+0900][0.076s] Memory: 32125M
[2025-08-27T14:36:21.300+0900][0.076s] Large Page Support: Disabled
[2025-08-27T14:36:21.300+0900][0.076s] NUMA Support: Disabled
[2025-08-27T14:36:21.300+0900][0.076s] Compressed Oops: Enabled (32-bit)
[2025-08-27T14:36:21.300+0900][0.076s] Heap Region Size: 1M
[2025-08-27T14:36:21.300+0900][0.076s] Heap Min Capacity: 512M
[2025-08-27T14:36:21.300+0900][0.076s] Heap Initial Capacity: 512M
[2025-08-27T14:36:21.300+0900][0.076s] Heap Max Capacity: 512M
[2025-08-27T14:36:21.300+0900][0.076s] Pre-touch: Enabled
[2025-08-27T14:36:21.300+0900][0.078s] Parallel Workers: 13
[2025-08-27T14:36:21.300+0900][0.078s] Concurrent Workers: 3
[2025-08-27T14:36:21.300+0900][0.078s] Concurrent Refinement Workers: 13
[2025-08-27T14:36:21.300+0900][0.078s] Periodic GC: Disabled
[2025-08-27T14:36:21.300+0900][0.083s] CDS archive(s) mapped at: [0x0000024d3a000000-0x0000024d3abb0000-0x0000024d3abb0000), size 12255232, SharedBaseAddress: 0x0000024d3a000000, ArchiveRelocationMode: 1.
[2025-08-27T14:36:21.300+0900][0.083s] Compressed class space mapped at: 0x0000024d3b000000-0x0000024d7b000000, reserved size: 1073741824
[2025-08-27T14:36:21.300+0900][0.083s] Narrow klass base: 0x0000024d3a000000, Narrow klass shift: 0, Narrow klass range: 0x100000000
[2025-08-27T14:36:21.918+0900][0.700s] GC(0) Pause Young (Normal) (G1 Evacuation Pause)
[2025-08-27T14:36:21.918+0900][0.701s] GC(0) Using 12 workers of 13 for evacuation
[2025-08-27T14:36:21.918+0900][0.703s] GC(0)   Pre Evacuate Collection Set: 0.1ms
[2025-08-27T14:36:21.918+0900][0.703s] GC(0)   Merge Heap Roots: 0.1ms
[2025-08-27T14:36:21.918+0900][0.703s] GC(0)   Evacuate Collection Set: 2.0ms
[2025-08-27T14:36:21.918+0900][0.703s] GC(0)   Post Evacuate Collection Set: 0.3ms
[2025-08-27T14:36:21.918+0900][0.703s] GC(0)   Other: 0.5ms
[2025-08-27T14:36:21.918+0900][0.703s] GC(0) Eden regions: 29->0(41)
[2025-08-27T14:36:21.918+0900][0.703s] GC(0) Survivor regions: 0->4(4)
[2025-08-27T14:36:21.918+0900][0.703s] GC(0) Old regions: 0->0
[2025-08-27T14:36:21.918+0900][0.703s] GC(0) Archive regions: 0->0
[2025-08-27T14:36:21.918+0900][0.703s] GC(0) Humongous regions: 0->0
[2025-08-27T14:36:21.918+0900][0.703s] GC(0) Metaspace: 6645K(6848K)->6645K(6848K) NonClass: 5872K(5952K)->5872K(5952K) Class: 772K(896K)->772K(896K)
[2025-08-27T14:36:21.918+0900][0.703s] GC(0) Pause Young (Normal) (G1 Evacuation Pause) 29M->3M(512M) 3.079ms
[2025-08-27T14:36:21.918+0900][0.703s] GC(0) User=0.00s Sys=0.00s Real=0.00s
[2025-08-27T14:36:22.475+0900][1.259s] GC(1) Pause Young (Normal) (G1 Evacuation Pause)
[2025-08-27T14:36:22.475+0900][1.259s] GC(1) Using 13 workers of 13 for evacuation
[2025-08-27T14:36:22.475+0900][1.265s] GC(1)   Pre Evacuate Collection Set: 0.3ms
[2025-08-27T14:36:22.475+0900][1.265s] GC(1)   Merge Heap Roots: 0.2ms
[2025-08-27T14:36:22.475+0900][1.265s] GC(1)   Evacuate Collection Set: 5.0ms
[2025-08-27T14:36:22.475+0900][1.265s] GC(1)   Post Evacuate Collection Set: 0.6ms
[2025-08-27T14:36:22.475+0900][1.265s] GC(1)   Other: 0.2ms
[2025-08-27T14:36:22.475+0900][1.265s] GC(1) Eden regions: 41->0(181)
[2025-08-27T14:36:22.475+0900][1.265s] GC(1) Survivor regions: 4->6(6)
[2025-08-27T14:36:22.475+0900][1.265s] GC(1) Old regions: 0->9
[2025-08-27T14:36:22.475+0900][1.265s] GC(1) Archive regions: 0->0
[2025-08-27T14:36:22.475+0900][1.265s] GC(1) Humongous regions: 4->4
[2025-08-27T14:36:22.475+0900][1.265s] GC(1) Metaspace: 18059K(18304K)->18059K(18304K) NonClass: 15957K(16064K)->15957K(16064K) Class: 2102K(2240K)->2102K(2240K)
[2025-08-27T14:36:22.475+0900][1.265s] GC(1) Pause Young (Normal) (G1 Evacuation Pause) 48M->18M(512M) 6.439ms
[2025-08-27T14:36:22.475+0900][1.265s] GC(1) User=0.00s Sys=0.00s Real=0.00s
[2025-08-27T14:36:23.008+0900][1.790s] GC(2) Pause Young (Concurrent Start) (Metadata GC Threshold)
[2025-08-27T14:36:23.008+0900][1.790s] GC(2) Using 13 workers of 13 for evacuation
[2025-08-27T14:36:23.018+0900][1.795s] GC(2)   Pre Evacuate Collection Set: 0.4ms
[2025-08-27T14:36:23.018+0900][1.795s] GC(2)   Merge Heap Roots: 0.4ms
[2025-08-27T14:36:23.018+0900][1.795s] GC(2)   Evacuate Collection Set: 2.2ms
[2025-08-27T14:36:23.018+0900][1.795s] GC(2)   Post Evacuate Collection Set: 1.3ms
[2025-08-27T14:36:23.018+0900][1.795s] GC(2)   Other: 0.3ms
[2025-08-27T14:36:23.018+0900][1.795s] GC(2) Eden regions: 129->0(201)
[2025-08-27T14:36:23.018+0900][1.795s] GC(2) Survivor regions: 6->12(24)
[2025-08-27T14:36:23.018+0900][1.795s] GC(2) Old regions: 9->9
[2025-08-27T14:36:23.018+0900][1.795s] GC(2) Archive regions: 0->0
[2025-08-27T14:36:23.018+0900][1.795s] GC(2) Humongous regions: 4->4
[2025-08-27T14:36:23.018+0900][1.795s] GC(2) Metaspace: 21217K(21504K)->21217K(21504K) NonClass: 18749K(18880K)->18749K(18880K) Class: 2468K(2624K)->2468K(2624K)
[2025-08-27T14:36:23.018+0900][1.795s] GC(2) Pause Young (Concurrent Start) (Metadata GC Threshold) 147M->23M(512M) 4.595ms
[2025-08-27T14:36:23.018+0900][1.795s] GC(2) User=0.00s Sys=0.00s Real=0.01s
[2025-08-27T14:36:23.018+0900][1.795s] GC(3) Concurrent Mark Cycle
[2025-08-27T14:36:23.018+0900][1.795s] GC(3) Concurrent Clear Claimed Marks
[2025-08-27T14:36:23.018+0900][1.795s] GC(3) Concurrent Clear Claimed Marks 0.025ms
[2025-08-27T14:36:23.018+0900][1.795s] GC(3) Concurrent Scan Root Regions
[2025-08-27T14:36:23.018+0900][1.796s] GC(3) Concurrent Scan Root Regions 0.993ms
[2025-08-27T14:36:23.018+0900][1.796s] GC(3) Concurrent Mark
[2025-08-27T14:36:23.018+0900][1.796s] GC(3) Concurrent Mark From Roots
[2025-08-27T14:36:23.018+0900][1.796s] GC(3) Using 3 workers of 3 for marking
[2025-08-27T14:36:23.018+0900][1.798s] GC(3) Concurrent Mark From Roots 2.413ms
[2025-08-27T14:36:23.018+0900][1.798s] GC(3) Concurrent Preclean
[2025-08-27T14:36:23.018+0900][1.798s] GC(3) Concurrent Preclean 0.055ms
[2025-08-27T14:36:23.018+0900][1.799s] GC(3) Pause Remark
[2025-08-27T14:36:23.025+0900][1.802s] GC(3) Pause Remark 24M->24M(512M) 3.498ms
[2025-08-27T14:36:23.025+0900][1.802s] GC(3) User=0.00s Sys=0.00s Real=0.01s
[2025-08-27T14:36:23.025+0900][1.802s] GC(3) Concurrent Mark 6.216ms
[2025-08-27T14:36:23.025+0900][1.802s] GC(3) Concurrent Rebuild Remembered Sets
[2025-08-27T14:36:23.025+0900][1.804s] GC(3) Concurrent Rebuild Remembered Sets 1.480ms
[2025-08-27T14:36:23.025+0900][1.804s] GC(3) Pause Cleanup
[2025-08-27T14:36:23.025+0900][1.805s] GC(3) Pause Cleanup 24M->24M(512M) 0.491ms
[2025-08-27T14:36:23.025+0900][1.805s] GC(3) User=0.00s Sys=0.00s Real=0.00s
[2025-08-27T14:36:23.025+0900][1.805s] GC(3) Concurrent Cleanup for Next Mark
[2025-08-27T14:36:23.025+0900][1.805s] GC(3) Concurrent Cleanup for Next Mark 0.484ms
[2025-08-27T14:36:23.025+0900][1.805s] GC(3) Concurrent Mark Cycle 10.409ms
[2025-08-27T14:36:24.078+0900][2.853s] GC(4) Pause Young (Prepare Mixed) (Metadata GC Threshold)
[2025-08-27T14:36:24.078+0900][2.854s] GC(4) Using 13 workers of 13 for evacuation
[2025-08-27T14:36:24.085+0900][2.860s] GC(4)   Pre Evacuate Collection Set: 0.5ms
[2025-08-27T14:36:24.085+0900][2.860s] GC(4)   Merge Heap Roots: 0.5ms
[2025-08-27T14:36:24.085+0900][2.860s] GC(4)   Evacuate Collection Set: 3.9ms
[2025-08-27T14:36:24.085+0900][2.860s] GC(4)   Post Evacuate Collection Set: 2.0ms
[2025-08-27T14:36:24.085+0900][2.860s] GC(4)   Other: 0.1ms
[2025-08-27T14:36:24.085+0900][2.860s] GC(4) Eden regions: 104->0(8)
[2025-08-27T14:36:24.085+0900][2.860s] GC(4) Survivor regions: 12->17(28)
[2025-08-27T14:36:24.085+0900][2.860s] GC(4) Old regions: 9->9
[2025-08-27T14:36:24.085+0900][2.861s] GC(4) Archive regions: 0->0
[2025-08-27T14:36:24.085+0900][2.861s] GC(4) Humongous regions: 4->4
[2025-08-27T14:36:24.085+0900][2.861s] GC(4) Metaspace: 35680K(35968K)->35680K(35968K) NonClass: 31402K(31552K)->31402K(31552K) Class: 4277K(4416K)->4277K(4416K)
[2025-08-27T14:36:24.085+0900][2.861s] GC(4) Pause Young (Prepare Mixed) (Metadata GC Threshold) 127M->29M(512M) 7.057ms
[2025-08-27T14:36:24.085+0900][2.861s] GC(4) User=0.00s Sys=0.00s Real=0.01s
[2025-08-27T14:36:24.121+0900][2.902s] GC(5) Pause Young (Mixed) (Metadata GC Threshold)
[2025-08-27T14:36:24.121+0900][2.902s] GC(5) Using 13 workers of 13 for evacuation
[2025-08-27T14:36:24.131+0900][2.906s] GC(5)   Pre Evacuate Collection Set: 0.4ms
[2025-08-27T14:36:24.131+0900][2.906s] GC(5)   Merge Heap Roots: 0.5ms
[2025-08-27T14:36:24.131+0900][2.906s] GC(5)   Evacuate Collection Set: 2.8ms
[2025-08-27T14:36:24.131+0900][2.906s] GC(5)   Post Evacuate Collection Set: 0.7ms
[2025-08-27T14:36:24.131+0900][2.906s] GC(5)   Other: 0.1ms
[2025-08-27T14:36:24.131+0900][2.906s] GC(5) Eden regions: 3->0(304)
[2025-08-27T14:36:24.131+0900][2.906s] GC(5) Survivor regions: 17->3(4)
[2025-08-27T14:36:24.131+0900][2.906s] GC(5) Old regions: 9->25
[2025-08-27T14:36:24.131+0900][2.906s] GC(5) Archive regions: 0->0
[2025-08-27T14:36:24.131+0900][2.906s] GC(5) Humongous regions: 4->4
[2025-08-27T14:36:24.131+0900][2.906s] GC(5) Metaspace: 35964K(36288K)->35964K(36288K) NonClass: 31655K(31808K)->31655K(31808K) Class: 4309K(4480K)->4309K(4480K)
[2025-08-27T14:36:24.131+0900][2.906s] GC(5) Pause Young (Mixed) (Metadata GC Threshold) 31M->30M(512M) 4.475ms
[2025-08-27T14:36:24.131+0900][2.906s] GC(5) User=0.00s Sys=0.00s Real=0.01s
[2025-08-27T14:36:24.275+0900][3.050s] GC(6) Pause Young (Concurrent Start) (Metadata GC Threshold)
[2025-08-27T14:36:24.276+0900][3.050s] GC(6) Using 13 workers of 13 for evacuation
[2025-08-27T14:36:24.278+0900][3.053s] GC(6)   Pre Evacuate Collection Set: 0.4ms
[2025-08-27T14:36:24.278+0900][3.053s] GC(6)   Merge Heap Roots: 0.4ms
[2025-08-27T14:36:24.278+0900][3.053s] GC(6)   Evacuate Collection Set: 1.0ms
[2025-08-27T14:36:24.278+0900][3.053s] GC(6)   Post Evacuate Collection Set: 0.9ms
[2025-08-27T14:36:24.278+0900][3.053s] GC(6)   Other: 0.2ms
[2025-08-27T14:36:24.278+0900][3.053s] GC(6) Eden regions: 6->0(306)
[2025-08-27T14:36:24.278+0900][3.053s] GC(6) Survivor regions: 3->1(39)
[2025-08-27T14:36:24.278+0900][3.053s] GC(6) Old regions: 25->25
[2025-08-27T14:36:24.278+0900][3.053s] GC(6) Archive regions: 0->0
[2025-08-27T14:36:24.278+0900][3.053s] GC(6) Humongous regions: 4->4
[2025-08-27T14:36:24.278+0900][3.053s] GC(6) Metaspace: 36257K(36608K)->36257K(36608K) NonClass: 31911K(32128K)->31911K(32128K) Class: 4346K(4480K)->4346K(4480K)
[2025-08-27T14:36:24.278+0900][3.053s] GC(6) Pause Young (Concurrent Start) (Metadata GC Threshold) 36M->29M(512M) 2.933ms
[2025-08-27T14:36:24.278+0900][3.053s] GC(6) User=0.00s Sys=0.00s Real=0.00s
[2025-08-27T14:36:24.278+0900][3.053s] GC(7) Concurrent Mark Cycle
[2025-08-27T14:36:24.278+0900][3.053s] GC(7) Concurrent Clear Claimed Marks
[2025-08-27T14:36:24.278+0900][3.053s] GC(7) Concurrent Clear Claimed Marks 0.015ms
[2025-08-27T14:36:24.278+0900][3.053s] GC(7) Concurrent Scan Root Regions
[2025-08-27T14:36:24.278+0900][3.054s] GC(7) Concurrent Scan Root Regions 0.435ms
[2025-08-27T14:36:24.278+0900][3.054s] GC(7) Concurrent Mark
[2025-08-27T14:36:24.278+0900][3.054s] GC(7) Concurrent Mark From Roots
[2025-08-27T14:36:24.278+0900][3.054s] GC(7) Using 3 workers of 3 for marking
[2025-08-27T14:36:24.284+0900][3.060s] GC(7) Concurrent Mark From Roots 5.669ms
[2025-08-27T14:36:24.284+0900][3.060s] GC(7) Concurrent Preclean
[2025-08-27T14:36:24.284+0900][3.060s] GC(7) Concurrent Preclean 0.206ms
[2025-08-27T14:36:24.284+0900][3.060s] GC(7) Pause Remark
[2025-08-27T14:36:24.287+0900][3.063s] GC(7) Pause Remark 29M->29M(512M) 2.711ms
[2025-08-27T14:36:24.287+0900][3.063s] GC(7) User=0.00s Sys=0.00s Real=0.00s
[2025-08-27T14:36:24.287+0900][3.063s] GC(7) Concurrent Mark 8.832ms
[2025-08-27T14:36:24.287+0900][3.063s] GC(7) Concurrent Rebuild Remembered Sets
[2025-08-27T14:36:24.290+0900][3.066s] GC(7) Concurrent Rebuild Remembered Sets 2.952ms
[2025-08-27T14:36:24.291+0900][3.066s] GC(7) Pause Cleanup
[2025-08-27T14:36:24.291+0900][3.066s] GC(7) Pause Cleanup 29M->29M(512M) 0.096ms
[2025-08-27T14:36:24.291+0900][3.066s] GC(7) User=0.00s Sys=0.00s Real=0.00s
[2025-08-27T14:36:24.291+0900][3.066s] GC(7) Concurrent Cleanup for Next Mark
[2025-08-27T14:36:24.291+0900][3.067s] GC(7) Concurrent Cleanup for Next Mark 0.272ms
[2025-08-27T14:36:24.291+0900][3.067s] GC(7) Concurrent Mark Cycle 13.348ms
[2025-08-27T15:54:49.961+0900][4708.737s] GC(8) Pause Young (Prepare Mixed) (G1 Evacuation Pause)
[2025-08-27T15:54:49.962+0900][4708.737s] GC(8) Using 13 workers of 13 for evacuation
[2025-08-27T15:54:49.974+0900][4708.749s] GC(8)   Pre Evacuate Collection Set: 0.2ms
[2025-08-27T15:54:49.974+0900][4708.749s] GC(8)   Merge Heap Roots: 0.1ms
[2025-08-27T15:54:49.974+0900][4708.749s] GC(8)   Evacuate Collection Set: 10.5ms
[2025-08-27T15:54:49.974+0900][4708.749s] GC(8)   Post Evacuate Collection Set: 1.0ms
[2025-08-27T15:54:49.974+0900][4708.749s] GC(8)   Other: 0.4ms
[2025-08-27T15:54:49.974+0900][4708.749s] GC(8) Eden regions: 306->0(7)
[2025-08-27T15:54:49.974+0900][4708.749s] GC(8) Survivor regions: 1->18(39)
[2025-08-27T15:54:49.974+0900][4708.749s] GC(8) Old regions: 25->25
[2025-08-27T15:54:49.974+0900][4708.749s] GC(8) Archive regions: 0->0
[2025-08-27T15:54:49.974+0900][4708.749s] GC(8) Humongous regions: 5->5
[2025-08-27T15:54:49.974+0900][4708.749s] GC(8) Metaspace: 56258K(56832K)->56258K(56832K) NonClass: 49296K(49600K)->49296K(49600K) Class: 6961K(7232K)->6961K(7232K)
[2025-08-27T15:54:49.974+0900][4708.749s] GC(8) Pause Young (Prepare Mixed) (G1 Evacuation Pause) 336M->46M(512M) 12.285ms
[2025-08-27T15:54:49.974+0900][4708.749s] GC(8) User=0.03s Sys=0.03s Real=0.01s
[2025-08-27T15:54:49.988+0900][4708.764s] GC(9) Pause Young (Mixed) (G1 Evacuation Pause)
[2025-08-27T15:54:49.988+0900][4708.764s] GC(9) Using 13 workers of 13 for evacuation
[2025-08-27T15:54:49.993+0900][4708.769s] GC(9)   Pre Evacuate Collection Set: 0.1ms
[2025-08-27T15:54:49.993+0900][4708.769s] GC(9)   Merge Heap Roots: 0.0ms
[2025-08-27T15:54:49.993+0900][4708.769s] GC(9)   Evacuate Collection Set: 4.1ms
[2025-08-27T15:54:49.993+0900][4708.769s] GC(9)   Post Evacuate Collection Set: 0.3ms
[2025-08-27T15:54:49.993+0900][4708.769s] GC(9)   Other: 0.1ms
[2025-08-27T15:54:49.993+0900][4708.769s] GC(9) Eden regions: 7->0(305)
[2025-08-27T15:54:49.993+0900][4708.769s] GC(9) Survivor regions: 18->2(4)
[2025-08-27T15:54:49.993+0900][4708.769s] GC(9) Old regions: 25->42
[2025-08-27T15:54:49.993+0900][4708.769s] GC(9) Archive regions: 0->0
[2025-08-27T15:54:49.993+0900][4708.769s] GC(9) Humongous regions: 5->5
[2025-08-27T15:54:49.993+0900][4708.769s] GC(9) Metaspace: 56278K(56832K)->56278K(56832K) NonClass: 49316K(49600K)->49316K(49600K) Class: 6962K(7232K)->6962K(7232K)
[2025-08-27T15:54:49.993+0900][4708.769s] GC(9) Pause Young (Mixed) (G1 Evacuation Pause) 53M->47M(512M) 4.816ms
[2025-08-27T15:54:49.993+0900][4708.769s] GC(9) User=0.00s Sys=0.00s Real=0.01s
